GowinSynthesis start
Running parser ...
Analyzing Verilog file 'Z:\Documents\Code\minimal_framebuffer\src\cdc.v'
Analyzing Verilog file 'Z:\Documents\Code\minimal_framebuffer\src\debouncer.v'
Analyzing Verilog file 'Z:\Documents\Code\minimal_framebuffer\src\fifo_hs_read\fifo_hs_read.v'
Analyzing Verilog file 'Z:\Documents\Code\minimal_framebuffer\src\fifo_hs_write\fifo_hs_write.v'
Analyzing Verilog file 'Z:\Documents\Code\minimal_framebuffer\src\gowin_clkdiv\gowin_clkdiv.v'
Analyzing Verilog file 'Z:\Documents\Code\minimal_framebuffer\src\gowin_rpll_480p\gowin_rpll_480p.v'
Analyzing Verilog file 'Z:\Documents\Code\minimal_framebuffer\src\gowin_rpll_memory\gowin_rpll_memory.v'
Analyzing Verilog file 'Z:\Documents\Code\minimal_framebuffer\src\hdmi_sink.v'
Analyzing Verilog file 'Z:\Documents\Code\minimal_framebuffer\src\hdmi_tmds.v'
Analyzing Verilog file 'Z:\Documents\Code\minimal_framebuffer\src\input_handler.v'
Analyzing Verilog file 'Z:\Documents\Code\minimal_framebuffer\src\minimal_framebuffer.v'
Undeclared symbol 'memory_clk', assumed default net type 'wire'("Z:\Documents\Code\minimal_framebuffer\src\minimal_framebuffer.v":65)
Undeclared symbol 'pixel_read', assumed default net type 'wire'("Z:\Documents\Code\minimal_framebuffer\src\minimal_framebuffer.v":137)
Undeclared symbol 'vsync', assumed default net type 'wire'("Z:\Documents\Code\minimal_framebuffer\src\minimal_framebuffer.v":138)
Undeclared symbol 'uc_wr', assumed default net type 'wire'("Z:\Documents\Code\minimal_framebuffer\src\minimal_framebuffer.v":144)
Undeclared symbol 'uc_dc', assumed default net type 'wire'("Z:\Documents\Code\minimal_framebuffer\src\minimal_framebuffer.v":147)
Undeclared symbol 'uc_cs', assumed default net type 'wire'("Z:\Documents\Code\minimal_framebuffer\src\minimal_framebuffer.v":148)
Undeclared symbol 'uc_data', assumed default net type 'wire'("Z:\Documents\Code\minimal_framebuffer\src\minimal_framebuffer.v":150)
Undeclared symbol 'input_type', assumed default net type 'wire'("Z:\Documents\Code\minimal_framebuffer\src\minimal_framebuffer.v":152)
Undeclared symbol 'switch_buffer', assumed default net type 'wire'("Z:\Documents\Code\minimal_framebuffer\src\minimal_framebuffer.v":161)
Undeclared symbol 'fifo_read_empty', assumed default net type 'wire'("Z:\Documents\Code\minimal_framebuffer\src\minimal_framebuffer.v":174)
Undeclared symbol 'fifo_write_empty', assumed default net type 'wire'("Z:\Documents\Code\minimal_framebuffer\src\minimal_framebuffer.v":187)
Undeclared symbol 'c', assumed default net type 'wire'("Z:\Documents\Code\minimal_framebuffer\src\minimal_framebuffer.v":233)
Analyzing Verilog file 'Z:\Documents\Code\minimal_framebuffer\src\psram_memory_interface_hs\psram_memory_interface_hs.v'
WARN  (EX3073) : Port 'Almost_Full' remains unconnected for this instance("Z:\Documents\Code\minimal_framebuffer\src\minimal_framebuffer.v":178)
WARN  (EX3073) : Port 'Full' remains unconnected for this instance("Z:\Documents\Code\minimal_framebuffer\src\minimal_framebuffer.v":188)
Compiling module 'minimal_framebuffer'("Z:\Documents\Code\minimal_framebuffer\src\minimal_framebuffer.v":6)
Compiling module 'Gowin_rPLL_memory'("Z:\Documents\Code\minimal_framebuffer\src\gowin_rpll_memory\gowin_rpll_memory.v":10)
Compiling module 'PSRAM_Memory_Interface_HS_Top'("Z:\Documents\Code\minimal_framebuffer\src\psram_memory_interface_hs\psram_memory_interface_hs.v":6711)
Compiling module '**'("Z:\Documents\Code\minimal_framebuffer\src\psram_memory_interface_hs\psram_memory_interface_hs.v":320)
Compiling module '**'("Z:\Documents\Code\minimal_framebuffer\src\psram_memory_interface_hs\psram_memory_interface_hs.v":3525)
Compiling module '**'("Z:\Documents\Code\minimal_framebuffer\src\psram_memory_interface_hs\psram_memory_interface_hs.v":6710)
WARN  (EX3670) : Actual bit length 33 differs from formal bit length 32 for port 'wr_data0'("Z:\Documents\Code\minimal_framebuffer\src\minimal_framebuffer.v":92)
WARN  (EX3670) : Actual bit length 33 differs from formal bit length 32 for port 'rd_data0'("Z:\Documents\Code\minimal_framebuffer\src\minimal_framebuffer.v":93)
WARN  (EX3670) : Actual bit length 8 differs from formal bit length 4 for port 'data_mask0'("Z:\Documents\Code\minimal_framebuffer\src\minimal_framebuffer.v":95)
WARN  (EX3670) : Actual bit length 33 differs from formal bit length 32 for port 'wr_data1'("Z:\Documents\Code\minimal_framebuffer\src\minimal_framebuffer.v":102)
WARN  (EX3670) : Actual bit length 33 differs from formal bit length 32 for port 'rd_data1'("Z:\Documents\Code\minimal_framebuffer\src\minimal_framebuffer.v":103)
WARN  (EX3670) : Actual bit length 8 differs from formal bit length 4 for port 'data_mask1'("Z:\Documents\Code\minimal_framebuffer\src\minimal_framebuffer.v":105)
Compiling module 'Gowin_rPLL_480p'("Z:\Documents\Code\minimal_framebuffer\src\gowin_rpll_480p\gowin_rpll_480p.v":10)
Compiling module 'Gowin_CLKDIV'("Z:\Documents\Code\minimal_framebuffer\src\gowin_clkdiv\gowin_clkdiv.v":10)
Compiling module 'hdmi_sink'("Z:\Documents\Code\minimal_framebuffer\src\hdmi_sink.v":1)
WARN  (EX3791) : Expression size 11 truncated to fit in target size 10("Z:\Documents\Code\minimal_framebuffer\src\hdmi_sink.v":28)
WARN  (EX3791) : Expression size 11 truncated to fit in target size 10("Z:\Documents\Code\minimal_framebuffer\src\hdmi_sink.v":29)
Compiling module 'hdmi_tmds'("Z:\Documents\Code\minimal_framebuffer\src\hdmi_tmds.v":1)
WARN  (EX3791) : Expression size 32 truncated to fit in target size 5("Z:\Documents\Code\minimal_framebuffer\src\hdmi_tmds.v":30)
Compiling module 'input_handler'("Z:\Documents\Code\minimal_framebuffer\src\input_handler.v":1)
WARN  (EX3670) : Actual bit length 1 differs from formal bit length 16 for port 'uc_data'("Z:\Documents\Code\minimal_framebuffer\src\minimal_framebuffer.v":150)
Compiling module 'debouncer'("Z:\Documents\Code\minimal_framebuffer\src\debouncer.v":1)
WARN  (EX3791) : Expression size 22 truncated to fit in target size 21("Z:\Documents\Code\minimal_framebuffer\src\debouncer.v":38)
WARN  (EX3791) : Expression size 33 truncated to fit in target size 32("Z:\Documents\Code\minimal_framebuffer\src\minimal_framebuffer.v":166)
Compiling module 'FIFO_HS_Top_Read'("Z:\Documents\Code\minimal_framebuffer\src\fifo_hs_read\fifo_hs_read.v":1473)
Compiling module '**'("Z:\Documents\Code\minimal_framebuffer\src\fifo_hs_read\fifo_hs_read.v":1472)
Compiling module 'FIFO_HS_Top_Write'("Z:\Documents\Code\minimal_framebuffer\src\fifo_hs_write\fifo_hs_write.v":447512)
Compiling module '**'("Z:\Documents\Code\minimal_framebuffer\src\fifo_hs_write\fifo_hs_write.v":447511)
WARN  (EX3670) : Actual bit length 16 differs from formal bit length 32 for port 'Q'("Z:\Documents\Code\minimal_framebuffer\src\minimal_framebuffer.v":186)
Compiling module 'cdc'("Z:\Documents\Code\minimal_framebuffer\src\cdc.v":1)
WARN  (EX3791) : Expression size 32 truncated to fit in target size 21("Z:\Documents\Code\minimal_framebuffer\src\minimal_framebuffer.v":235)
WARN  (EX3791) : Expression size 17 truncated to fit in target size 16("Z:\Documents\Code\minimal_framebuffer\src\minimal_framebuffer.v":274)
WARN  (EX3791) : Expression size 17 truncated to fit in target size 16("Z:\Documents\Code\minimal_framebuffer\src\minimal_framebuffer.v":289)
WARN  (EX3791) : Expression size 17 truncated to fit in target size 16("Z:\Documents\Code\minimal_framebuffer\src\minimal_framebuffer.v":329)
WARN  (EX1998) : Net 'uc_wr' does not have a driver("Z:\Documents\Code\minimal_framebuffer\src\minimal_framebuffer.v":144)
WARN  (EX1998) : Net 'uc_dc' does not have a driver("Z:\Documents\Code\minimal_framebuffer\src\minimal_framebuffer.v":147)
WARN  (EX1998) : Net 'uc_cs' does not have a driver("Z:\Documents\Code\minimal_framebuffer\src\minimal_framebuffer.v":148)
WARN  (EX1998) : Net 'uc_data' does not have a driver("Z:\Documents\Code\minimal_framebuffer\src\minimal_framebuffer.v":150)
NOTE  (EX0101) : Current top module is "minimal_framebuffer"
WARN  (EX0211) : The output port "led[5]" of module "minimal_framebuffer" has no driver, assigning undriven bits to Z, simulation mismatch possible("Z:\Documents\Code\minimal_framebuffer\src\minimal_framebuffer.v":11)
WARN  (EX0211) : The output port "led[4]" of module "minimal_framebuffer" has no driver, assigning undriven bits to Z, simulation mismatch possible("Z:\Documents\Code\minimal_framebuffer\src\minimal_framebuffer.v":11)
WARN  (EX0211) : The output port "led[3]" of module "minimal_framebuffer" has no driver, assigning undriven bits to Z, simulation mismatch possible("Z:\Documents\Code\minimal_framebuffer\src\minimal_framebuffer.v":11)
WARN  (EX0211) : The output port "led[2]" of module "minimal_framebuffer" has no driver, assigning undriven bits to Z, simulation mismatch possible("Z:\Documents\Code\minimal_framebuffer\src\minimal_framebuffer.v":11)
WARN  (EX0211) : The output port "led[1]" of module "minimal_framebuffer" has no driver, assigning undriven bits to Z, simulation mismatch possible("Z:\Documents\Code\minimal_framebuffer\src\minimal_framebuffer.v":11)
WARN  (EX0211) : The output port "led[0]" of module "minimal_framebuffer" has no driver, assigning undriven bits to Z, simulation mismatch possible("Z:\Documents\Code\minimal_framebuffer\src\minimal_framebuffer.v":11)
[5%] Running netlist conversion ...
Running device independent optimization ...
[10%] Optimizing Phase 0 completed
[15%] Optimizing Phase 1 completed
[25%] Optimizing Phase 2 completed
Running inference ...
[30%] Inferring Phase 0 completed
[40%] Inferring Phase 1 completed
[50%] Inferring Phase 2 completed
[55%] Inferring Phase 3 completed
Running technical mapping ...
[60%] Tech-Mapping Phase 0 completed
[65%] Tech-Mapping Phase 1 completed
[75%] Tech-Mapping Phase 2 completed
[80%] Tech-Mapping Phase 3 completed
[90%] Tech-Mapping Phase 4 completed
WARN  (NL0002) : The module "input_handler" instantiated to "input_handler0" is swept in optimizing("Z:\Documents\Code\minimal_framebuffer\src\minimal_framebuffer.v":155)
[95%] Generate netlist file "Z:\Documents\Code\minimal_framebuffer\impl\gwsynthesis\minimal_framebuffer.vg" completed
[100%] Generate report file "Z:\Documents\Code\minimal_framebuffer\impl\gwsynthesis\minimal_framebuffer_syn.rpt.html" completed
GowinSynthesis finish
